SLURM_CLUSTER_NAME = paramrudra
SLURM_ARRAY_JOB_ID =
SLURM_ARRAY_TASK_ID =
SLURM_ARRAY_TASK_COUNT =
SLURM_ARRAY_TASK_MAX =
SLURM_ARRAY_TASK_MIN =
SLURM_JOB_ACCOUNT = iitk
SLURM_JOB_ID = 2964
SLURM_JOB_NAME = mpi_assign1
SLURM_JOB_NODELIST = rdcn[25-26]
SLURM_JOB_USER = iitk_51
SLURM_JOB_UID = 55891
SLURM_JOB_PARTITION = cpu
SLURM_TASK_PID = 803797
SLURM_SUBMIT_DIR = /home/iitk_51/Pranjal_directory
SLURM_CPUS_ON_NODE = 16
SLURM_NTASKS = 32
SLURM_TASK_PID = 803797
==========================================
99936.000000 1416360.081587 1.150726
99936.000000 1416360.081587 1.236195
99936.000000 1416360.081587 1.234516
99936.000000 1416360.081587 1.221061
99936.000000 1416360.081587 1.229576
