SLURM_CLUSTER_NAME = paramrudra
SLURM_ARRAY_JOB_ID =
SLURM_ARRAY_TASK_ID =
SLURM_ARRAY_TASK_COUNT =
SLURM_ARRAY_TASK_MAX =
SLURM_ARRAY_TASK_MIN =
SLURM_JOB_ACCOUNT = iitk
SLURM_JOB_ID = 2958
SLURM_JOB_NAME = mpi_assign1
SLURM_JOB_NODELIST = rdcn[25-26]
SLURM_JOB_USER = iitk_51
SLURM_JOB_UID = 55891
SLURM_JOB_PARTITION = cpu
SLURM_TASK_PID = 800351
SLURM_SUBMIT_DIR = /home/iitk_51/Pranjal_directory
SLURM_CPUS_ON_NODE = 16
SLURM_NTASKS = 32
SLURM_TASK_PID = 800351
==========================================
99936.000000 1416360.081579 0.094912
99936.000000 1416360.081579 0.094237
99936.000000 1416360.081579 0.094292
99936.000000 1416360.081579 0.094960
99936.000000 1416360.081579 0.094351
